// Jest Snapshot v1, https://goo.gl/fbAQLP

exports[`App component renders an App 1`] = `
<Fragment>
  <ColorPicker
    colors={
      Array [
        "Purple",
        "Blue",
        "Green",
        "Yellow",
        "Orange",
        "Red",
      ]
    }
    method={[Function]}
  />
  <ColorDisplay
    color="black"
  />
</Fragment>
`;
