// Jest Snapshot v1, https://goo.gl/fbAQLP

exports[`App component renders the App 1`] = `
<Fragment>
  <Button
    method={[Function]}
  />
  <section
    className="app"
  >
    <RandomColor
      key="0"
    />
  </section>
</Fragment>
`;
